// Jest Snapshot v1, https://goo.gl/fbAQLP

exports[`renders correctly 1`] = `
<div
  className="home"
>
  <h2
    className="welcome"
  >
    Welcome to our page!
  </h2>
  <p
    className="description"
  >
    Welcome to our Calculator app! We are thrilled to offer you a powerful and user-friendly tool to help you perform various calculations with ease. Our app is designed to provide you with a simple and intuitive interface, allowing you to perform a wide range of mathematical operations, including basic arithmetic, advanced mathematical functions, and even complex equations. Whether you&aposre a student, a professional, or simply someone who needs to perform calculations on a regular basis, our app is the perfect tool for you.
  </p>
  <p
    className="description"
  >
    In addition to its user-friendly interface, our Calculator app also offers a variety of features to help you work more efficiently. You can customize the app to suit your needs, save your calculations for later, and even share your results with others. We are constantly updating the app to ensure that it remains the best calculator on the market, so be sure to check back regularly for new features and updates. Thank you for choosing our Calculator app, and we hope you enjoy using it as much as we enjoyed building it.
  </p>
</div>
`;
